// Jest Snapshot v1, https://goo.gl/fbAQLP

exports[`Pruebas del Entry component Debe hacer match con el snapshot 1`] = `
<div class="row no-wrap top-align divider entry-container">
  <div class="col min"><i class="light-green-text">check_circle</i></div>
  <div class="col"><span>25</span>&nbsp; <span>Febrero</span>&nbsp; <span>2022, Viernes</span>
    <div>Title</div><label>Estoy aprendiendo Vue</label>
  </div>
  <div class="col min">
    <nav><button class="none"> Ver </button></nav>
  </div>
</div>
`;
