// Jest Snapshot v1, https://goo.gl/fbAQLP

exports[`Prueba de About View Debe renderizar el componente correctamente contra el snapshot 1`] = `<h2>About</h2>`;
