// Jest Snapshot v1, https://goo.gl/fbAQLP

exports[`Prueba de Home View Debe renderizar el componente correctamente contra el snapshot 1`] = `<h2>Home</h2><button>Day Book</button>`;
